same-key retry removed (refund slice) [test 6a]: RED (caught) Tests  1 failed | 15 skipped (16)
unknown refund not blocking new refunds [test 6a]: RED (caught) Tests  1 failed | 15 skipped (16)
finalisation CAS dropped (concurrent finalisers both apply) [test 1\.]: RED (caught) Tests  1 failed | 1 passed | 14 skipped (16)
refund allocation original-only (no LIFO top-up) [test 3\.]: RED (caught) Tests  1 failed | 15 skipped (16)
top-up not anchored (one slice on the original) [test 5\.]: RED (caught) Tests  1 failed | 15 skipped (16)
dispute RESOLVED written before money (old status-first) [test 7a]: RED (caught) Tests  1 failed | 15 skipped (16)
dispute transition unguarded [test 7b]: RED (caught) Tests  1 failed | 15 skipped (16)
shortfall not held [test 8\.]: RED (caught) Tests  1 failed | 15 skipped (16)
chargeback hold ignored by release [test N7]: RED (caught) Tests  1 failed | 15 skipped (16)
N9 unknown treated as failed attempt [test N9]: RED (caught) Tests  1 failed | 15 skipped (16)
transfer unknown re-executed with a new key [test 6d]: GREEN (NOT caught) Tests  1 passed | 15 skipped (16)
transfer 6d double mutation: key bumped only GREEN, listing removed only GREEN, both removed RED (two independent guards)
add-on share dropped from payout [test 9]: RED (caught)
rehearsal mutation (ON CONFLICT removed from the transfer slice backfill): RED, the re-run fails
R1 record lock dropped and REFUNDING always claimable [test R1]: RED (caught) Tests  1 failed | 22 skipped (23)
R2 lost chargeback not a hold [test R2]: RED (caught) Tests  1 failed | 22 skipped (23)
R3 dispute lease dropped [test R3]: GREEN (NOT caught) Tests  1 passed | 22 skipped (23)
R5 paused-no-hold row dropped [test R4 and R5]: RED (caught) Tests  1 failed | 22 skipped (23)
R7 payout stop dropped [test R7]: RED (caught) Tests  1 failed | 22 skipped (23)
R3 lease and record lock both dropped [test R3]: RED (caught) Tests  1 failed | 22 skipped (23)
R3 record lock only dropped (lease holds) [test R3]: GREEN (NOT caught) Tests  1 passed | 22 skipped (23)
